[     127ms] [INFO] %cDownload the React DevTools for a better development experience: https://reactjs.org/link/react-devtools font-weight:bold @ http://localhost:5173/node_modules/.vite/deps/chunk-VIJJTZRL.js?v=aed63adc:21608
[     599ms] [ERROR] Failed to load resource: the server responded with a status of 406 () @ https://tshhtstnnzcwsfpluhxd.supabase.co/rest/v1/projects?select=*&id=eq.00000000-0000-0000-0000-000000000000:0
[     778ms] [ERROR] Failed to load resource: the server responded with a status of 406 () @ https://tshhtstnnzcwsfpluhxd.supabase.co/rest/v1/projects?select=*&id=eq.00000000-0000-0000-0000-000000000000:0
[  440580ms] [ERROR] Failed to load resource: the server responded with a status of 500 (Internal Server Error) @ http://localhost:5173/src/pages/CaseStudyCRO.jsx?t=1785176189602:0
[  440584ms] [ERROR] [vite] Failed to reload /src/pages/CaseStudyCRO.jsx. This could be due to syntax errors or importing non-existent modules. (see errors above) @ http://localhost:5173/@vite/client:881
[  508116ms] [LOG] [vite] server connection lost. Polling for restart... @ http://localhost:5173/@vite/client:963
[  509533ms] [INFO] %cDownload the React DevTools for a better development experience: https://reactjs.org/link/react-devtools font-weight:bold @ http://localhost:5173/node_modules/.vite/deps/chunk-VIJJTZRL.js?v=aed63adc:21608
[  666694ms] [LOG] [vite] server connection lost. Polling for restart... @ http://localhost:5173/@vite/client:963
[  669062ms] [ERROR] WebSocket connection to 'ws://localhost:5173/' failed: Error in connection establishment: net::ERR_CONNECTION_REFUSED @ http://localhost:5173/@vite/client:1034
[  671951ms] [INFO] %cDownload the React DevTools for a better development experience: https://reactjs.org/link/react-devtools font-weight:bold @ http://localhost:5173/node_modules/.vite/deps/chunk-VIJJTZRL.js?v=aed63adc:21608
[  770661ms] [INFO] %cDownload the React DevTools for a better development experience: https://reactjs.org/link/react-devtools font-weight:bold @ http://localhost:5173/node_modules/.vite/deps/chunk-VIJJTZRL.js?v=aed63adc:21608
[ 1256207ms] [LOG] [vite] server connection lost. Polling for restart... @ http://localhost:5173/@vite/client:963
[ 1257747ms] [INFO] %cDownload the React DevTools for a better development experience: https://reactjs.org/link/react-devtools font-weight:bold @ http://localhost:5173/node_modules/.vite/deps/chunk-VIJJTZRL.js?v=aed63adc:21608
[ 1262182ms] [LOG] [vite] server connection lost. Polling for restart... @ http://localhost:5173/@vite/client:963
[ 1262186ms] [ERROR] WebSocket connection to 'ws://localhost:5173/' failed: Error during WebSocket handshake: net::ERR_CONNECTION_RESET @ http://localhost:5173/@vite/client:1034
[ 1266686ms] [INFO] %cDownload the React DevTools for a better development experience: https://reactjs.org/link/react-devtools font-weight:bold @ http://localhost:5173/node_modules/.vite/deps/chunk-VIJJTZRL.js?v=aed63adc:21608
[ 1396697ms] [LOG] [vite] server connection lost. Polling for restart... @ http://localhost:5173/@vite/client:963
[ 1398165ms] [INFO] %cDownload the React DevTools for a better development experience: https://reactjs.org/link/react-devtools font-weight:bold @ http://localhost:5173/node_modules/.vite/deps/chunk-VIJJTZRL.js?v=aed63adc:21608
[ 1407148ms] [LOG] [vite] server connection lost. Polling for restart... @ http://localhost:5173/@vite/client:963
[ 1411026ms] [INFO] %cDownload the React DevTools for a better development experience: https://reactjs.org/link/react-devtools font-weight:bold @ http://localhost:5173/node_modules/.vite/deps/chunk-VIJJTZRL.js?v=aed63adc:21608
[ 1560806ms] [LOG] [vite] server connection lost. Polling for restart... @ http://localhost:5173/@vite/client:963
[ 1562354ms] [INFO] %cDownload the React DevTools for a better development experience: https://reactjs.org/link/react-devtools font-weight:bold @ http://localhost:5173/node_modules/.vite/deps/chunk-VIJJTZRL.js?v=aed63adc:21608
[ 1593025ms] [LOG] [vite] server connection lost. Polling for restart... @ http://localhost:5173/@vite/client:963
[ 1594394ms] [INFO] %cDownload the React DevTools for a better development experience: https://reactjs.org/link/react-devtools font-weight:bold @ http://localhost:5173/node_modules/.vite/deps/chunk-VIJJTZRL.js?v=aed63adc:21608
[ 1722317ms] [LOG] [vite] server connection lost. Polling for restart... @ http://localhost:5173/@vite/client:963
[ 1723797ms] [INFO] %cDownload the React DevTools for a better development experience: https://reactjs.org/link/react-devtools font-weight:bold @ http://localhost:5173/node_modules/.vite/deps/chunk-VIJJTZRL.js?v=aed63adc:21608
[ 1810848ms] [LOG] [vite] server connection lost. Polling for restart... @ http://localhost:5173/@vite/client:963
[ 1812253ms] [INFO] %cDownload the React DevTools for a better development experience: https://reactjs.org/link/react-devtools font-weight:bold @ http://localhost:5173/node_modules/.vite/deps/chunk-VIJJTZRL.js?v=aed63adc:21608
